// 重构日志: 7cd38999
// 重构日志: 3214a9d2
// 同步 ID: 65ec2a47 @ Mon Jul 27 13:32:42 UTC 2026
// 重构日志: 7ba65714
// 重构日志: 7eb13a4f
// 同步 ID: aa78107f @ Tue Jul 28 13:12:42 UTC 2026
// 重构日志: 4d957cd1
// 重构日志: 6d2eacb6
// 重构日志: eb95094c
// 重构日志: 2e70db14
// 重构日志: d0037a97
// 重构日志: 90a65621
// 同步 ID: 01955fa8 @ Sat Aug  1 05:23:33 UTC 2026
// 重构日志: 5d704934
// 重构日志: 0e1ade11
// 重构日志: ccc6fbc8
// 同步 ID: 343e1832 @ Sat Aug  1 15:38:43 UTC 2026
// 重构日志: 8728c00f
// 重构日志: d871b28f
// 重构日志: f055e571
// 重构日志: db5f26c5
// 重构日志: 2a407be2
// 同步 ID: 19580d01 @ Tue Aug  4 11:53:53 UTC 2026
// 同步 ID: 1b651a8c @ Wed Aug  5 10:09:27 UTC 2026
// 同步 ID: 90a88841 @ Wed Aug  5 17:08:41 UTC 2026
// 同步 ID: 996d3c1a @ Wed Aug  5 20:50:56 UTC 2026
// 重构日志: 6ac45121
// 同步 ID: ccaa67ec @ Thu Aug  6 11:13:00 UTC 2026
// 重构日志: d0c7e9e9
// 同步 ID: 9fdd319f @ Fri Aug  7 09:09:18 UTC 2026
// 重构日志: 5b29ddab
